// Jest Snapshot v1, https://goo.gl/fbAQLP

exports[`IconCollapseCard Snapshot 1`] = `
<div
  className="MuiPaper-root MuiCard-root makeStyles-card-1   MuiPaper-elevation1 MuiPaper-rounded"
>
  <div
    className="MuiCardHeader-root makeStyles-cardHeader-3 makeStyles-themeCardHeader-10"
  >
    <div
      className="MuiCardHeader-avatar makeStyles-cardAvatar-12"
    >
      <svg
        aria-hidden={true}
        className="MuiSvgIcon-root makeStyles-cardIcon-13"
        focusable="false"
        viewBox="0 0 24 24"
      >
        <path
          d="M19 3h-4.18C14.4 1.84 13.3 1 12 1c-1.3 0-2.4.84-2.82 2H5c-1.1 0-2 .9-2 2v14c0 1.1.9 2 2 2h14c1.1 0 2-.9 2-2V5c0-1.1-.9-2-2-2zm-6 15h-2v-2h2v2zm0-4h-2V8h2v6zm-1-9c-.55 0-1-.45-1-1s.45-1 1-1 1 .45 1 1-.45 1-1 1z"
        />
      </svg>
    </div>
    <div
      className="MuiCardHeader-content"
    />
  </div>
  <div
    className="MuiCardContent-root makeStyles-cardContent-11 "
  >
    <div
      className="MuiPaper-root MuiAccordion-root makeStyles-accordionRoot-17 MuiAccordion-rounded MuiPaper-elevation1 MuiPaper-rounded"
    >
      <div
        aria-disabled={false}
        aria-expanded={false}
        className="MuiButtonBase-root MuiAccordionSummary-root makeStyles-summaryRoot-20"
        onBlur={[Function]}
        onClick={[Function]}
        onDragLeave={[Function]}
        onFocus={[Function]}
        onKeyDown={[Function]}
        onKeyUp={[Function]}
        onMouseDown={[Function]}
        onMouseLeave={[Function]}
        onMouseUp={[Function]}
        onTouchEnd={[Function]}
        onTouchMove={[Function]}
        onTouchStart={[Function]}
        role="button"
        tabIndex={0}
      >
        <div
          className="MuiAccordionSummary-content makeStyles-content-19"
        >
          <h6
            className="MuiTypography-root makeStyles-cardTitle-14 MuiTypography-subtitle1"
          >
            Title card
          </h6>
        </div>
        <div
          aria-disabled={false}
          aria-hidden={true}
          className="MuiButtonBase-root MuiIconButton-root MuiAccordionSummary-expandIcon MuiIconButton-edgeEnd"
          onBlur={[Function]}
          onDragLeave={[Function]}
          onFocus={[Function]}
          onKeyDown={[Function]}
          onKeyUp={[Function]}
          onMouseDown={[Function]}
          onMouseLeave={[Function]}
          onMouseUp={[Function]}
          onTouchEnd={[Function]}
          onTouchMove={[Function]}
          onTouchStart={[Function]}
          role={null}
          tabIndex={null}
        >
          <span
            className="MuiIconButton-label"
          >
            <svg
              aria-hidden={true}
              className="MuiSvgIcon-root"
              focusable="false"
              viewBox="0 0 24 24"
            >
              <path
                d="M16.59 8.59L12 13.17 7.41 8.59 6 10l6 6 6-6z"
              />
            </svg>
          </span>
        </div>
      </div>
      <div
        className="MuiCollapse-root MuiCollapse-hidden"
        style={
          Object {
            "minHeight": "0px",
          }
        }
      >
        <div
          className="MuiCollapse-wrapper"
        >
          <div
            className="MuiCollapse-wrapperInner"
          >
            <div
              role="region"
            >
              <div
                className="MuiAccordionDetails-root makeStyles-expansionPanelDetails-18"
              >
                Content card
              </div>
            </div>
          </div>
        </div>
      </div>
    </div>
  </div>
  <div
    className="makeStyles-cardFooter-16"
  >
    Footer card
  </div>
</div>
`;
