// Jest Snapshot v1, https://goo.gl/fbAQLP

exports[`DynamicInput snapshot 1`] = `
<div
  className="MuiFormControl-root MuiTextField-root undefined undefined MuiFormControl-fullWidth"
>
  <label
    className="MuiFormLabel-root MuiInputLabel-root makeStyles-label-1 MuiInputLabel-formControl MuiInputLabel-animated MuiInputLabel-shrink MuiFormLabel-filled"
    data-shrink={true}
    htmlFor="testId"
    id="testId-label"
  >
    DynamicInput - NumberTextField
  </label>
  <div
    className="MuiInputBase-root MuiInput-root MuiInput-underline MuiInputBase-fullWidth MuiInput-fullWidth MuiInputBase-formControl MuiInput-formControl"
    onClick={[Function]}
  >
    <input
      aria-invalid={false}
      autoFocus={false}
      className="MuiInputBase-input MuiInput-input makeStyles-input-2"
      disabled={false}
      id="testId"
      inputMode="numeric"
      onAnimationStart={[Function]}
      onBlur={[Function]}
      onChange={[Function]}
      onFocus={[Function]}
      onKeyDown={[Function]}
      onMouseUp={[Function]}
      required={false}
      style={
        Object {
          "textAlign": "right",
        }
      }
      type="text"
      value=""
    />
  </div>
</div>
`;
