// Jest Snapshot v1, https://goo.gl/fbAQLP

exports[`CancelButton snapshot 1`] = `
<span
  aria-describedby={null}
  className=""
  onBlur={[Function]}
  onFocus={[Function]}
  onMouseLeave={[Function]}
  onMouseOver={[Function]}
  onTouchEnd={[Function]}
  onTouchStart={[Function]}
  title="Cancel"
>
  <button
    aria-label="Cancel"
    className="MuiButtonBase-root MuiIconButton-root makeStyles-button-1 makeStyles-theme-17"
    disabled={false}
    onBlur={[Function]}
    onDragLeave={[Function]}
    onFocus={[Function]}
    onKeyDown={[Function]}
    onKeyUp={[Function]}
    onMouseDown={[Function]}
    onMouseLeave={[Function]}
    onMouseUp={[Function]}
    onTouchEnd={[Function]}
    onTouchMove={[Function]}
    onTouchStart={[Function]}
    tabIndex={0}
    type="button"
  >
    <span
      className="MuiIconButton-label"
    >
      <svg
        aria-hidden={true}
        className="MuiSvgIcon-root MuiSvgIcon-fontSizeSmall"
        focusable="false"
        viewBox="0 0 24 24"
      >
        <path
          d="M12 2C6.47 2 2 6.47 2 12s4.47 10 10 10 10-4.47 10-10S17.53 2 12 2zm5 13.59L15.59 17 12 13.41 8.41 17 7 15.59 10.59 12 7 8.41 8.41 7 12 10.59 15.59 7 17 8.41 13.41 12 17 15.59z"
        />
      </svg>
    </span>
    <span
      className="MuiTouchRipple-root"
    />
  </button>
</span>
`;
