// Jest Snapshot v1, https://goo.gl/fbAQLP

exports[`NavPills Snapshot 1`] = `
Array [
  <div
    className="MuiBox-root MuiBox-root-21 makeStyles-grid-11"
  >
    <div
      className="MuiBox-root MuiBox-root-22 makeStyles-tabItemGrid-12"
    >
      <div
        className="MuiBox-root MuiBox-root-23 makeStyles-container-2"
      >
        <div
          className="MuiBox-root MuiBox-root-24 makeStyles-tabsContainer-1"
        >
          <div
            className="MuiTabs-root makeStyles-root-3"
          >
            <div
              className="MuiTabs-scroller MuiTabs-fixed"
              onScroll={[Function]}
              style={
                Object {
                  "marginBottom": null,
                  "overflow": "hidden",
                }
              }
            >
              <div
                className="MuiTabs-flexContainer"
                onKeyDown={[Function]}
                role="tablist"
              >
                <button
                  aria-selected={true}
                  className="MuiButtonBase-root MuiTab-root makeStyles-pills-6  MuiTab-textColorInherit Mui-selected makeStyles-primary-14"
                  disabled={false}
                  onBlur={[Function]}
                  onClick={[Function]}
                  onDragLeave={[Function]}
                  onFocus={[Function]}
                  onKeyDown={[Function]}
                  onKeyUp={[Function]}
                  onMouseDown={[Function]}
                  onMouseLeave={[Function]}
                  onMouseUp={[Function]}
                  onTouchEnd={[Function]}
                  onTouchMove={[Function]}
                  onTouchStart={[Function]}
                  role="tab"
                  tabIndex={0}
                  type="button"
                >
                  <span
                    className="MuiTab-wrapper"
                  >
                    Button1
                  </span>
                  <span
                    className="PrivateTabIndicator-root-25 PrivateTabIndicator-colorSecondary-27 makeStyles-displayNone-4"
                    style={Object {}}
                  />
                </button>
                <button
                  aria-selected={false}
                  className="MuiButtonBase-root MuiTab-root makeStyles-pills-6  MuiTab-textColorInherit"
                  disabled={false}
                  onBlur={[Function]}
                  onClick={[Function]}
                  onDragLeave={[Function]}
                  onFocus={[Function]}
                  onKeyDown={[Function]}
                  onKeyUp={[Function]}
                  onMouseDown={[Function]}
                  onMouseLeave={[Function]}
                  onMouseUp={[Function]}
                  onTouchEnd={[Function]}
                  onTouchMove={[Function]}
                  onTouchStart={[Function]}
                  role="tab"
                  tabIndex={-1}
                  type="button"
                >
                  <span
                    className="MuiTab-wrapper"
                  >
                    Button2
                  </span>
                </button>
              </div>
            </div>
          </div>
        </div>
      </div>
    </div>
    <div
      className="MuiBox-root MuiBox-root-29 makeStyles-itemGrid-13"
    >
      <div
        className="MuiBox-root MuiBox-root-30 makeStyles-container-2"
      >
        <div
          className="MuiBox-root MuiBox-root-31"
        >
          <button
            aria-label="Add"
            className="MuiButtonBase-root MuiIconButton-root makeStyles-button-32 makeStyles-theme-47"
            disabled={false}
            onBlur={[Function]}
            onClick={[Function]}
            onDragLeave={[Function]}
            onFocus={[Function]}
            onKeyDown={[Function]}
            onKeyUp={[Function]}
            onMouseDown={[Function]}
            onMouseLeave={[Function]}
            onMouseUp={[Function]}
            onTouchEnd={[Function]}
            onTouchMove={[Function]}
            onTouchStart={[Function]}
            tabIndex={0}
            type="button"
          >
            <span
              className="MuiIconButton-label"
            >
              <svg
                aria-hidden={true}
                className="MuiSvgIcon-root MuiSvgIcon-fontSizeSmall"
                focusable="false"
                viewBox="0 0 24 24"
              >
                <path
                  d="M19 13h-6v6h-2v-6H5v-2h6V5h2v6h6v2z"
                />
              </svg>
            </span>
          </button>
        </div>
      </div>
    </div>
  </div>,
  <div
    className="MuiBox-root MuiBox-root-51"
  >
    <div
      className="MuiBox-root MuiBox-root-52 makeStyles-itemGrid-13"
    >
      <div
        className="makeStyles-contentWrapper-10"
      >
        <div>
          <div>
            Content1
          </div>
        </div>
      </div>
    </div>
  </div>,
]
`;
