// Jest Snapshot v1, https://goo.gl/fbAQLP

exports[`CardTitle snapshot 1`] = `
<div
  className="MuiBox-root MuiBox-root-4 makeStyles-container-3"
>
  <div
    className="MuiBox-root MuiBox-root-5 makeStyles-cardTitle-2"
  >
    Add person
  </div>
  <div
    className="MuiBox-root MuiBox-root-6"
  >
    <button
      className="MuiButtonBase-root MuiButton-root MuiButton-text makeStyles-button-7 makeStyles-disabled-27"
      disabled={false}
      onBlur={[Function]}
      onClick={[Function]}
      onDragLeave={[Function]}
      onFocus={[Function]}
      onKeyDown={[Function]}
      onKeyUp={[Function]}
      onMouseDown={[Function]}
      onMouseLeave={[Function]}
      onMouseUp={[Function]}
      onTouchEnd={[Function]}
      onTouchMove={[Function]}
      onTouchStart={[Function]}
      tabIndex={0}
      type="button"
    >
      <span
        className="MuiButton-label"
      />
    </button>
  </div>
</div>
`;
