// Jest Snapshot v1, https://goo.gl/fbAQLP

exports[`DateTime snapshot 1`] = `
<div
  className="MuiFormControl-root MuiTextField-root makeStyles-defaultFont-6 MuiFormControl-fullWidth"
>
  <label
    className="MuiFormLabel-root MuiInputLabel-root makeStyles-label-2 MuiInputLabel-formControl MuiInputLabel-animated"
    data-shrink={false}
  >
    Datetime
  </label>
  <div
    className="MuiInputBase-root MuiInput-root MuiInput-underline makeStyles-dateTimeInput-1 MuiInputBase-fullWidth MuiInput-fullWidth MuiInputBase-formControl MuiInput-formControl MuiInputBase-adornedEnd"
    onClick={[Function]}
  >
    <input
      aria-invalid={false}
      autoFocus={false}
      className="MuiInputBase-input MuiInput-input MuiInputBase-inputAdornedEnd"
      disabled={false}
      onAnimationStart={[Function]}
      onBlur={[Function]}
      onChange={[Function]}
      onFocus={[Function]}
      required={false}
      type="text"
      value=""
    />
    <div
      className="MuiInputAdornment-root MuiInputAdornment-positionEnd"
    >
      <button
        className="MuiButtonBase-root MuiIconButton-root makeStyles-dateTimeIconButtons-4"
        disabled={false}
        onBlur={[Function]}
        onClick={[Function]}
        onDragLeave={[Function]}
        onFocus={[Function]}
        onKeyDown={[Function]}
        onKeyUp={[Function]}
        onMouseDown={[Function]}
        onMouseLeave={[Function]}
        onMouseUp={[Function]}
        onTouchEnd={[Function]}
        onTouchMove={[Function]}
        onTouchStart={[Function]}
        tabIndex={0}
        type="button"
      >
        <span
          className="MuiIconButton-label"
        >
          <svg
            aria-hidden={true}
            className="MuiSvgIcon-root MuiSvgIcon-fontSizeSmall"
            focusable="false"
            onClick={[Function]}
            viewBox="0 0 24 24"
          >
            <path
              d="M20 3h-1V1h-2v2H7V1H5v2H4c-1.1 0-2 .9-2 2v16c0 1.1.9 2 2 2h16c1.1 0 2-.9 2-2V5c0-1.1-.9-2-2-2zm0 18H4V8h16v13z"
            />
          </svg>
        </span>
      </button>
    </div>
  </div>
  
</div>
`;
